OK	line=9	http=200	https://www.ionq.com/news/ionq-achieves-landmark-result-setting-new-world-record-in-quantum-computing
OK	line=9	http=200	https://www.quantinuum.com/blog/quantinuum-extends-its-significant-lead-in-quantum-computing-achieving-historic-milestones-for-hardware-fidelity-and-quantum-volume
OK	line=10	http=200	https://newsroom.ibm.com/2024-11-13-ibm-launches-its-most-advanced-quantum-computers,-fueling-new-scientific-value-and-progress-towards-quantum-advantage
OK	line=11	http=200	https://arxiv.org/abs/2004.04174
OK	line=11	http=200	https://arxiv.org/html/2405.05068v1
OK	line=11	http=200	https://www.nature.com/articles/s41534-020-0259-3
OK	line=11	http=200	https://thequantuminsider.com/2025/05/22/quantum-chemistry-gets-error-corrected-boost-from-quantinuums-trapped-ion-computer/
OK	line=12	http=200	https://www.ionq.com/blog/beyond-qubit-counts-introducing-ionqs-application-centric-benchmarking-framework
OK	line=25	http=200	https://www.quantinuum.com/press-releases/quantinuum-launches-industry-first-trapped-ion-56-qubit-quantum-computer-that-challenges-the-worlds-best-supercomputers
OK	line=25	http=200	https://quantum-journal.org/papers/q-2024-11-07-1516/
OK	line=25	http=200	https://s28.q4cdn.com/828571518/files/doc_financials/2024/q2/24-08-07-Investor-Updates-Q2-2024_vF.pdf
OK	line=27	http=200	https://quantum.cloud.ibm.com/docs/en/guides/processor-types
OK	line=27	http=200	https://www.ibm.com/quantum/blog/quantum-roadmap-2033
OK	line=27	http=200	https://postquantum.com/industry-news/ibm-heron-r2-quantum/
OK	line=27	http=200	https://link.springer.com/article/10.1140/epjqt/s40507-025-00405-7
OK	line=27	http=200	https://news.fnal.gov/2024/05/researchers-at-the-sqms-center-achieve-leading-performance-in-transmon-qubits/
OK	line=27	http=200	https://www.nature.com/articles/s41467-025-61126-0
OK	line=29	http=200	https://qir.mit.edu/benchmarking/
OK	line=37	http=200	https://arxiv.org/abs/1704.05018
OK	line=37	http=200	https://www.nature.com/articles/nature23879
OK	line=38	http=200	https://research.google/blog/scaling-up-fundamental-quantum-chemistry-simulations-on-quantum-hardware/
OK	line=39	http=206	https://indico.cern.ch/event/1338689/contributions/6080333/attachments/2952086/5189637/2024-10-22-CHEP_IBM_VoicaRadescu.pdf
OK	line=43	http=200	https://www.aqt.eu/news_quantum_chemistry/
OK	line=44	http=200	https://iontrap.duke.edu/files/2025/03/s41534-020-0259-3.pdf
OK	line=45	http=200	https://www.nature.com/articles/s41534-023-00730-8
OK	line=46	http=200	https://azure.microsoft.com/en-us/blog/quantum/2024/09/10/microsoft-and-quantinuum-create-12-logical-qubits-and-demonstrate-a-hybrid-end-to-end-chemistry-simulation/
OK	line=55	http=200	https://pmc.ncbi.nlm.nih.gov/articles/PMC5380037/
OK	line=57	http=200	https://www.ionq.com/blog/orbital-optimized-pair-correlated-electron-simulations-on-trapped-ion
OK	line=59	http=200	https://www.quantinuum.com/blog/automated-quantum-algorithm-discovery-for-quantum-chemistry
OK	line=63	http=200	https://entangledfuture.com/compare/superconducting-vs-trapped-ion/
OK	line=71	http=200	https://www.ibm.com/quantum/blog/quantum-molecule
OK	line=71	http=200	https://quantum-journal.org/papers/q-2023-11-20-1184/
OK	line=74	http=200	https://communities.springernature.com/posts/pushing-the-boundaries-of-nisq-with-error-mitigation
OK	line=76	http=200	https://quantumfrontiers.com/2023/12/09/crossing-the-quantum-chasm-from-nisq-to-fault-tolerance/
OK	line=91	http=200	https://www.ionq.com/roadmap
OK	line=91	http=200	https://www.ibm.com/quantum/blog/ibm-quantum-roadmap-2025
OK	line=97	http=200	https://quantumcomputingreport.com/riken-and-ibm-demonstrate-quantum-centric-supercomputing-at-scale/
OK	line=103	http=200	https://arxiv.org/html/2603.27397v2
OK	line=105	http=200	https://www.oxionics.com/blogs/accelerating-towards-fault-tolerance-unlocking-99-99-two-qubit-gate-fidelities/
OK	line=117	http=200	https://arxiv.org/abs/2102.00371

all URLs resolved
